Job started: Wed May 20 08:33:10 PM CDT 2026  Node: gh021.hsn.cm.delta.internal.ncsa.edu
GPUs: 0
Step 0: grad_norm=2.2598, loss=0.2641, param_norm=1802.3865
Step 50: grad_norm=1.8480, loss=0.2166, param_norm=1802.3861
Step 100: grad_norm=1.1956, loss=0.1042, param_norm=1802.3862
Step 150: grad_norm=1.0463, loss=0.0661, param_norm=1802.3868
Step 200: grad_norm=0.8945, loss=0.0488, param_norm=1802.3878
Step 250: grad_norm=0.8337, loss=0.0390, param_norm=1802.3893
Step 300: grad_norm=0.7927, loss=0.0374, param_norm=1802.3918
Step 350: grad_norm=0.6713, loss=0.0339, param_norm=1802.3959
Step 400: grad_norm=0.5669, loss=0.0286, param_norm=1802.4009
Step 450: grad_norm=0.7286, loss=0.0323, param_norm=1802.4075
Step 500: grad_norm=0.5002, loss=0.0278, param_norm=1802.4159
Step 550: grad_norm=0.5606, loss=0.0302, param_norm=1802.4263
Step 600: grad_norm=0.4558, loss=0.0251, param_norm=1802.4375
Step 650: grad_norm=0.4972, loss=0.0248, param_norm=1802.4470
Step 700: grad_norm=0.4713, loss=0.0263, param_norm=1802.4578
Step 750: grad_norm=0.4749, loss=0.0231, param_norm=1802.4681
Step 800: grad_norm=0.3702, loss=0.0184, param_norm=1802.4783
Step 850: grad_norm=0.5076, loss=0.0183, param_norm=1802.4884
Step 900: grad_norm=0.4121, loss=0.0207, param_norm=1802.4987
Step 950: grad_norm=0.3502, loss=0.0183, param_norm=1802.5087
Step 1000: grad_norm=0.3720, loss=0.0194, param_norm=1802.5181
Step 1050: grad_norm=0.3593, loss=0.0164, param_norm=1802.5287
Step 1100: grad_norm=0.3454, loss=0.0172, param_norm=1802.5392
Step 1150: grad_norm=0.2857, loss=0.0130, param_norm=1802.5499
Step 1200: grad_norm=0.3718, loss=0.0171, param_norm=1802.5591
Step 1250: grad_norm=0.2430, loss=0.0127, param_norm=1802.5690
Step 1300: grad_norm=0.2771, loss=0.0135, param_norm=1802.5789
Step 1350: grad_norm=0.3449, loss=0.0132, param_norm=1802.5885
Step 1400: grad_norm=0.3306, loss=0.0145, param_norm=1802.5968
Step 1450: grad_norm=0.3144, loss=0.0134, param_norm=1802.6066
Step 1500: grad_norm=0.3292, loss=0.0130, param_norm=1802.6166
Step 1550: grad_norm=0.3246, loss=0.0119, param_norm=1802.6250
Step 1600: grad_norm=0.3799, loss=0.0140, param_norm=1802.6343
Step 1650: grad_norm=0.3167, loss=0.0117, param_norm=1802.6450
Step 1700: grad_norm=0.3208, loss=0.0120, param_norm=1802.6545
Step 1750: grad_norm=0.3082, loss=0.0107, param_norm=1802.6635
Step 1800: grad_norm=0.2720, loss=0.0110, param_norm=1802.6720
Step 1850: grad_norm=0.2948, loss=0.0117, param_norm=1802.6819
Step 1900: grad_norm=0.3146, loss=0.0103, param_norm=1802.6912
Step 1950: grad_norm=0.2411, loss=0.0100, param_norm=1802.7000
Step 2000: grad_norm=0.2604, loss=0.0096, param_norm=1802.7094
Step 2050: grad_norm=0.3337, loss=0.0116, param_norm=1802.7178
Step 2100: grad_norm=0.2959, loss=0.0097, param_norm=1802.7255
Step 2150: grad_norm=0.2778, loss=0.0080, param_norm=1802.7338
Step 2200: grad_norm=0.2897, loss=0.0095, param_norm=1802.7412
Step 2250: grad_norm=0.2808, loss=0.0100, param_norm=1802.7502
Step 2300: grad_norm=0.3100, loss=0.0087, param_norm=1802.7596
Step 2350: grad_norm=0.2761, loss=0.0091, param_norm=1802.7670
Step 2400: grad_norm=0.2829, loss=0.0089, param_norm=1802.7747
Step 2450: grad_norm=0.1945, loss=0.0063, param_norm=1802.7821
Step 2500: grad_norm=0.3265, loss=0.0097, param_norm=1802.7899
Step 2550: grad_norm=0.2541, loss=0.0091, param_norm=1802.7983
Step 2600: grad_norm=0.2369, loss=0.0087, param_norm=1802.8041
Step 2650: grad_norm=0.2963, loss=0.0088, param_norm=1802.8105
Step 2700: grad_norm=0.3186, loss=0.0082, param_norm=1802.8190
Step 2750: grad_norm=0.2224, loss=0.0089, param_norm=1802.8267
Step 2800: grad_norm=0.2979, loss=0.0089, param_norm=1802.8340
Step 2850: grad_norm=0.3517, loss=0.0095, param_norm=1802.8406
Step 2900: grad_norm=0.2133, loss=0.0066, param_norm=1802.8456
Step 2950: grad_norm=0.2369, loss=0.0074, param_norm=1802.8524
Step 3000: grad_norm=0.2949, loss=0.0090, param_norm=1802.8601
Step 3050: grad_norm=0.2456, loss=0.0079, param_norm=1802.8668
Step 3100: grad_norm=0.2102, loss=0.0060, param_norm=1802.8728
Step 3150: grad_norm=0.2904, loss=0.0075, param_norm=1802.8800
Step 3200: grad_norm=0.3226, loss=0.0090, param_norm=1802.8864
Step 3250: grad_norm=0.2274, loss=0.0065, param_norm=1802.8921
Step 3300: grad_norm=0.2088, loss=0.0061, param_norm=1802.8984
Step 3350: grad_norm=0.2630, loss=0.0066, param_norm=1802.9041
Step 3400: grad_norm=0.2800, loss=0.0070, param_norm=1802.9110
Step 3450: grad_norm=0.2653, loss=0.0069, param_norm=1802.9165
Step 3500: grad_norm=0.2438, loss=0.0073, param_norm=1802.9215
Step 3550: grad_norm=0.2992, loss=0.0076, param_norm=1802.9269
Step 3600: grad_norm=0.3056, loss=0.0080, param_norm=1802.9327
Step 3650: grad_norm=0.2487, loss=0.0071, param_norm=1802.9393
Step 3700: grad_norm=0.2994, loss=0.0078, param_norm=1802.9443
Step 3750: grad_norm=0.3257, loss=0.0075, param_norm=1802.9487
Step 3800: grad_norm=0.1977, loss=0.0057, param_norm=1802.9525
Step 3850: grad_norm=0.2544, loss=0.0062, param_norm=1802.9575
Step 3900: grad_norm=0.2443, loss=0.0058, param_norm=1802.9622
Step 3950: grad_norm=0.2407, loss=0.0067, param_norm=1802.9666
Step 4000: grad_norm=0.1934, loss=0.0050, param_norm=1802.9716
Step 4050: grad_norm=0.2031, loss=0.0052, param_norm=1802.9760
Step 4100: grad_norm=0.2065, loss=0.0058, param_norm=1802.9807
Step 4150: grad_norm=0.2149, loss=0.0052, param_norm=1802.9850
Step 4200: grad_norm=0.2689, loss=0.0071, param_norm=1802.9890
Step 4250: grad_norm=0.2743, loss=0.0066, param_norm=1802.9937
Step 4300: grad_norm=0.1963, loss=0.0055, param_norm=1802.9984
Step 4350: grad_norm=0.2621, loss=0.0063, param_norm=1803.0024
Step 4400: grad_norm=0.2206, loss=0.0056, param_norm=1803.0059
Step 4450: grad_norm=0.2629, loss=0.0063, param_norm=1803.0092
Step 4500: grad_norm=0.2039, loss=0.0054, param_norm=1803.0131
Step 4550: grad_norm=0.2128, loss=0.0053, param_norm=1803.0171
Step 4600: grad_norm=0.2204, loss=0.0052, param_norm=1803.0203
Step 4650: grad_norm=0.1910, loss=0.0045, param_norm=1803.0237
Step 4700: grad_norm=0.2459, loss=0.0056, param_norm=1803.0278
Step 4750: grad_norm=0.2150, loss=0.0047, param_norm=1803.0319
Step 4800: grad_norm=0.2154, loss=0.0046, param_norm=1803.0345
Step 4850: grad_norm=0.2093, loss=0.0046, param_norm=1803.0375
Step 4900: grad_norm=0.2142, loss=0.0054, param_norm=1803.0414
Step 4950: grad_norm=0.2407, loss=0.0055, param_norm=1803.0449
Step 5000: grad_norm=0.1889, loss=0.0039, param_norm=1803.0471
Step 5050: grad_norm=0.1433, loss=0.0034, param_norm=1803.0503
Step 5100: grad_norm=0.1980, loss=0.0045, param_norm=1803.0532
Step 5150: grad_norm=0.2318, loss=0.0046, param_norm=1803.0555
Step 5200: grad_norm=0.2132, loss=0.0045, param_norm=1803.0582
Step 5250: grad_norm=0.1658, loss=0.0034, param_norm=1803.0603
Step 5300: grad_norm=0.1793, loss=0.0039, param_norm=1803.0627
Step 5350: grad_norm=0.2120, loss=0.0053, param_norm=1803.0659
Step 5400: grad_norm=0.2216, loss=0.0048, param_norm=1803.0693
Step 5450: grad_norm=0.2642, loss=0.0055, param_norm=1803.0717
Step 5500: grad_norm=0.2114, loss=0.0044, param_norm=1803.0731
Step 5550: grad_norm=0.2084, loss=0.0045, param_norm=1803.0759
Step 5600: grad_norm=0.2261, loss=0.0040, param_norm=1803.0778
Step 5650: grad_norm=0.1636, loss=0.0032, param_norm=1803.0790
Step 5700: grad_norm=0.1515, loss=0.0027, param_norm=1803.0812
Step 5750: grad_norm=0.2381, loss=0.0047, param_norm=1803.0831
Step 5800: grad_norm=0.2785, loss=0.0046, param_norm=1803.0850
Step 5850: grad_norm=0.1960, loss=0.0040, param_norm=1803.0868
Step 5900: grad_norm=0.1758, loss=0.0032, param_norm=1803.0884
Step 5950: grad_norm=0.1683, loss=0.0031, param_norm=1803.0903
Step 6000: grad_norm=0.1400, loss=0.0026, param_norm=1803.0918
Step 6050: grad_norm=0.1855, loss=0.0038, param_norm=1803.0940
Step 6100: grad_norm=0.1999, loss=0.0038, param_norm=1803.0950
Step 6150: grad_norm=0.2236, loss=0.0041, param_norm=1803.0962
Step 6200: grad_norm=0.1528, loss=0.0027, param_norm=1803.0978
Step 6250: grad_norm=0.1470, loss=0.0029, param_norm=1803.0994
Step 6300: grad_norm=0.1798, loss=0.0036, param_norm=1803.1010
Step 6350: grad_norm=0.2205, loss=0.0040, param_norm=1803.1022
Step 6400: grad_norm=0.1980, loss=0.0036, param_norm=1803.1040
Step 6450: grad_norm=0.1825, loss=0.0030, param_norm=1803.1050
Step 6500: grad_norm=0.1529, loss=0.0027, param_norm=1803.1052
Step 6550: grad_norm=0.1669, loss=0.0032, param_norm=1803.1062
Step 6600: grad_norm=0.2157, loss=0.0029, param_norm=1803.1072
Step 6650: grad_norm=0.1571, loss=0.0027, param_norm=1803.1080
Step 6700: grad_norm=0.1727, loss=0.0028, param_norm=1803.1088
Step 6750: grad_norm=0.1933, loss=0.0031, param_norm=1803.1100
Step 6800: grad_norm=0.2579, loss=0.0040, param_norm=1803.1106
Step 6850: grad_norm=0.1152, loss=0.0017, param_norm=1803.1116
Step 6900: grad_norm=0.1515, loss=0.0024, param_norm=1803.1124
Step 6950: grad_norm=0.1920, loss=0.0030, param_norm=1803.1133
Step 7000: grad_norm=0.1665, loss=0.0023, param_norm=1803.1139
Step 7050: grad_norm=0.2624, loss=0.0036, param_norm=1803.1146
Step 7100: grad_norm=0.2056, loss=0.0029, param_norm=1803.1155
Step 7150: grad_norm=0.1900, loss=0.0029, param_norm=1803.1158
Step 7200: grad_norm=0.2489, loss=0.0034, param_norm=1803.1168
Step 7250: grad_norm=0.2308, loss=0.0029, param_norm=1803.1172
Step 7300: grad_norm=0.1264, loss=0.0020, param_norm=1803.1178
Step 7350: grad_norm=0.1392, loss=0.0020, param_norm=1803.1184
Step 7400: grad_norm=0.1757, loss=0.0025, param_norm=1803.1190
Step 7450: grad_norm=0.2229, loss=0.0032, param_norm=1803.1196
Step 7500: grad_norm=0.2431, loss=0.0033, param_norm=1803.1201
Step 7550: grad_norm=0.1929, loss=0.0026, param_norm=1803.1205
Step 7600: grad_norm=0.1692, loss=0.0023, param_norm=1803.1207
Step 7650: grad_norm=0.1484, loss=0.0016, param_norm=1803.1211
Step 7700: grad_norm=0.2404, loss=0.0034, param_norm=1803.1216
Step 7750: grad_norm=0.1494, loss=0.0021, param_norm=1803.1219
Step 7800: grad_norm=0.1855, loss=0.0024, param_norm=1803.1222
Step 7850: grad_norm=0.1377, loss=0.0020, param_norm=1803.1224
Step 7900: grad_norm=0.1632, loss=0.0022, param_norm=1803.1230
Step 7950: grad_norm=0.1454, loss=0.0022, param_norm=1803.1233
Step 8000: grad_norm=0.1663, loss=0.0020, param_norm=1803.1237
Step 8050: grad_norm=0.1860, loss=0.0020, param_norm=1803.1237
Step 8100: grad_norm=0.1867, loss=0.0024, param_norm=1803.1240
Step 8150: grad_norm=0.1000, loss=0.0012, param_norm=1803.1240
Step 8200: grad_norm=0.1383, loss=0.0019, param_norm=1803.1244
Step 8250: grad_norm=0.1401, loss=0.0017, param_norm=1803.1244
Step 8300: grad_norm=0.1551, loss=0.0019, param_norm=1803.1246
Step 8350: grad_norm=0.1393, loss=0.0017, param_norm=1803.1246
Step 8400: grad_norm=0.1327, loss=0.0018, param_norm=1803.1250
Step 8450: grad_norm=0.1915, loss=0.0022, param_norm=1803.1250
Step 8500: grad_norm=0.1849, loss=0.0019, param_norm=1803.1250
Step 8550: grad_norm=0.2111, loss=0.0019, param_norm=1803.1256
Step 8600: grad_norm=0.1636, loss=0.0018, param_norm=1803.1252
Step 8650: grad_norm=0.1868, loss=0.0021, param_norm=1803.1252
Step 8700: grad_norm=0.2058, loss=0.0021, param_norm=1803.1256
Step 8750: grad_norm=0.1341, loss=0.0014, param_norm=1803.1259
Step 8800: grad_norm=0.1128, loss=0.0015, param_norm=1803.1262
Step 8850: grad_norm=0.2119, loss=0.0023, param_norm=1803.1262
Step 8900: grad_norm=0.1490, loss=0.0016, param_norm=1803.1262
Step 8950: grad_norm=0.1422, loss=0.0016, param_norm=1803.1265
Step 9000: grad_norm=0.1895, loss=0.0022, param_norm=1803.1265
Step 9050: grad_norm=0.1324, loss=0.0013, param_norm=1803.1265
Step 9100: grad_norm=0.1265, loss=0.0014, param_norm=1803.1265
Step 9150: grad_norm=0.1011, loss=0.0010, param_norm=1803.1268
Step 9200: grad_norm=0.1182, loss=0.0012, param_norm=1803.1268
Step 9250: grad_norm=0.1320, loss=0.0012, param_norm=1803.1268
Step 9300: grad_norm=0.1512, loss=0.0017, param_norm=1803.1272
Step 9350: grad_norm=0.1179, loss=0.0011, param_norm=1803.1274
Step 9400: grad_norm=0.1769, loss=0.0015, param_norm=1803.1274
Step 9450: grad_norm=0.1659, loss=0.0014, param_norm=1803.1276
Step 9500: grad_norm=0.1113, loss=0.0010, param_norm=1803.1276
Step 9550: grad_norm=0.1897, loss=0.0018, param_norm=1803.1276
Step 9600: grad_norm=0.1516, loss=0.0011, param_norm=1803.1276
Step 9650: grad_norm=0.1638, loss=0.0019, param_norm=1803.1276
Step 9700: grad_norm=0.0851, loss=0.0008, param_norm=1803.1278
Step 9750: grad_norm=0.1513, loss=0.0013, param_norm=1803.1279
Step 9800: grad_norm=0.1457, loss=0.0015, param_norm=1803.1281
Step 9850: grad_norm=0.1512, loss=0.0013, param_norm=1803.1281
Step 9900: grad_norm=0.1084, loss=0.0009, param_norm=1803.1283
Step 9950: grad_norm=0.2063, loss=0.0017, param_norm=1803.1283
[1;34mwandb[0m: 
[1;34mwandb[0m: 🚀 View run [33mmulticam_keypose_h100[0m at: [34mhttps://wandb.ai/instructable/openpi/runs/pocof543[0m
[1;34mwandb[0m: Find logs at: [1;35mwandb/run-20260520_203907-pocof543/logs[0m
Done: Thu May 21 01:18:14 AM CDT 2026
